
> minigame@0.0.0 build
> tsc -b && vite build

vite v5.4.2 building for production...
transforming...
✓ 43 modules transformed.
rendering chunks...
computing gzip size...
dist/index.html                   0.47 kB │ gzip:  0.30 kB
dist/assets/index-CMSPeisj.css    3.34 kB │ gzip:  1.18 kB
dist/assets/index-CbfXqqeQ.js   153.70 kB │ gzip: 50.92 kB
✓ built in 372ms
